#2026 10 05 09:36:51.228#Z#INFO#4b16c6bc-c0a0-11f1-ac53-eeee0a847b8e.OPERATION#http-nio-0.0.0.0-8080-exec-2#
[XS2StartProcessListener] Operation ID: 4b16c6bc-c0a0-11f1-ac53-eeee0a847b8e#
#2026 10 05 09:36:51.247#Z#DEBUG#4b16c6bc-c0a0-11f1-ac53-eeee0a847b8e.OPERATION#http-nio-0.0.0.0-8080-exec-2#
[XS2StartProcessListener] Process environment: {
  "SKIP_SSL_VALIDATION" : "false",
  "FLOWABLE_JOB_EXECUTOR_MAX_THREADS" : "32",
  "VERSION" : "2.54.1",
  "BASIC_AUTH_ENABLED" : "true",
  "FLOWABLE_JOB_EXECUTOR_QUEUE_CAPACITY" : "16",
  "FLOWABLE_JOB_EXECUTOR_CORE_THREADS" : "8"
}#
#2026 10 05 09:36:51.247#Z#DEBUG#4b16c6bc-c0a0-11f1-ac53-eeee0a847b8e.OPERATION#http-nio-0.0.0.0-8080-exec-2#
[XS2StartProcessListener] Current user: mansi.yadav.ext@heromotocorp.com#
#2026 10 05 09:36:51.247#Z#DEBUG#4b16c6bc-c0a0-11f1-ac53-eeee0a847b8e.OPERATION#http-nio-0.0.0.0-8080-exec-2#
[XS2StartProcessListener] Client space: buildapps-np-space#
#2026 10 05 09:36:51.247#Z#DEBUG#4b16c6bc-c0a0-11f1-ac53-eeee0a847b8e.OPERATION#http-nio-0.0.0.0-8080-exec-2#
[XS2StartProcessListener] Client organization: heromotocorp-buildapps-np-org#
#2026 10 05 09:36:51.247#Z#INFO#4b16c6bc-c0a0-11f1-ac53-eeee0a847b8e.OPERATION#http-nio-0.0.0.0-8080-exec-2#
[XS2StartProcessListener] Process variables: {
  "keepFiles" : false,
  "skipAppDigestCalculation" : false,
  "abortOnError" : false,
  "mtaId" : "hmcl_Form22",
  "noFailOnMissingPermissions" : false,
  "isSecurityEnabled" : false,
  "apiRequestPath" : "https://deploy-service.cf.in30.hana.ondemand.com/api/v1/spaces/7f960507-fa5f-4ac8-af5d-e9216f2850b5/operations",
  "deleteServiceBrokers" : false,
  "appArchiveId" : "87fb53f6-4bcb-4115-9678-eb84bce1edeb",
  "isDisposableUserProvidedServiceEnabled" : false,
  "deleteServiceKeys" : false,
  "noRestartSubscribedApps" : false,
  "noStart" : false,
  "deleteServices" : false
}#
#2026 10 05 09:36:51.770#Z#DEBUG#4b16c6bc-c0a0-11f1-ac53-eeee0a847b8e.OPERATION#flowable-async-job-executor-thread-8764#
[ValidateDeployParametersStep] Executing task "validateParametersTask" of process "4b16c6e2-c0a0-11f1-ac53-eeee0a847b8e"...#
#2026 10 05 09:36:51.770#Z#DEBUG#4b16c6bc-c0a0-11f1-ac53-eeee0a847b8e.OPERATION#flowable-async-job-executor-thread-8764#
[ValidateDeployParametersStep] Validating parameters...#
#2026 10 05 09:36:51.773#Z#INFO#4b16c6bc-c0a0-11f1-ac53-eeee0a847b8e.OPERATION#flowable-async-job-executor-thread-8764#
[ValidateDeployParametersStep] Size of mtars is 9,074,347 and size of extension descriptors is 0#
#2026 10 05 09:36:51.852#Z#INFO#4b16c6bc-c0a0-11f1-ac53-eeee0a847b8e.OPERATION#flowable-async-job-executor-thread-8764#
[ValidateDeployParametersStep] Archive was not split! Total size in bytes: 9,074,347#
#2026 10 05 09:36:51.852#Z#INFO#4b16c6bc-c0a0-11f1-ac53-eeee0a847b8e.OPERATION#flowable-async-job-executor-thread-8764#
[ValidateDeployParametersStep] Deploying in org "heromotocorp-buildapps-np-org" and space "buildapps-np-space"#
#2026 10 05 09:36:51.857#Z#DEBUG#4b16c6bc-c0a0-11f1-ac53-eeee0a847b8e.OPERATION#flowable-async-job-executor-thread-8764#
[ValidateDeployParametersStep] Parameters validated#
#2026 10 05 09:36:51.857#Z#DEBUG#4b16c6bc-c0a0-11f1-ac53-eeee0a847b8e.OPERATION#flowable-async-job-executor-thread-8764#
Step "Validate Parameters" finished#
#2026 10 05 09:36:51.902#Z#DEBUG#4b16c6bc-c0a0-11f1-ac53-eeee0a847b8e.OPERATION#flowable-async-job-executor-thread-8765#
[DeleteRemainingFileParts] Executing task "deleteRemainingFileParts" of process "4b16c6e2-c0a0-11f1-ac53-eeee0a847b8e"...#
#2026 10 05 09:36:51.904#Z#DEBUG#4b16c6bc-c0a0-11f1-ac53-eeee0a847b8e.OPERATION#flowable-async-job-executor-thread-8765#
Step "Delete Remaining File Parts" finished#
#2026 10 05 09:36:51.950#Z#DEBUG#4b16c6bc-c0a0-11f1-ac53-eeee0a847b8e.OPERATION#flowable-async-job-executor-thread-8766#
[XS2ProcessMtaArchiveStep] Executing task "processArchiveTask" of process "4b16c6e2-c0a0-11f1-ac53-eeee0a847b8e"...#
#2026 10 05 09:36:51.952#Z#DEBUG#4b16c6bc-c0a0-11f1-ac53-eeee0a847b8e.OPERATION#flowable-async-job-executor-thread-8766#
[XS2ProcessMtaArchiveStep] Processing MTA archive...#
#2026 10 05 09:36:51.952#Z#DEBUG#4b16c6bc-c0a0-11f1-ac53-eeee0a847b8e.OPERATION#flowable-async-job-executor-thread-8766#
[XS2ProcessMtaArchiveStep] MTA Archive ID: 87fb53f6-4bcb-4115-9678-eb84bce1edeb#
#2026 10 05 09:36:52.262#Z#DEBUG#4b16c6bc-c0a0-11f1-ac53-eeee0a847b8e.OPERATION#flowable-async-job-executor-thread-8766#
[XS2ProcessMtaArchiveStep] MTA Descriptor length: 3,321#
#2026 10 05 09:36:52.262#Z#DEBUG#4b16c6bc-c0a0-11f1-ac53-eeee0a847b8e.OPERATION#flowable-async-job-executor-thread-8766#
[XS2ProcessMtaArchiveStep] MTA Archive Modules: [hmcl_Form22-app-content, hmcl_Form22-srv, hmcl_Form22-db-deployer]#
#2026 10 05 09:36:52.262#Z#DEBUG#4b16c6bc-c0a0-11f1-ac53-eeee0a847b8e.OPERATION#flowable-async-job-executor-thread-8766#
[XS2ProcessMtaArchiveStep] MTA Archive Requires: []#
#2026 10 05 09:36:52.262#Z#DEBUG#4b16c6bc-c0a0-11f1-ac53-eeee0a847b8e.OPERATION#flowable-async-job-executor-thread-8766#
[XS2ProcessMtaArchiveStep] MTA Archive Resources: [uaa_hmcl_Form22]#
#2026 10 05 09:36:52.274#Z#DEBUG#4b16c6bc-c0a0-11f1-ac53-eeee0a847b8e.OPERATION#flowable-async-job-executor-thread-8766#
[XS2ProcessMtaArchiveStep] MTA archive processed#
#2026 10 05 09:36:52.274#Z#DEBUG#4b16c6bc-c0a0-11f1-ac53-eeee0a847b8e.OPERATION#flowable-async-job-executor-thread-8766#
Step "Process Archive" finished#
#2026 10 05 09:36:52.331#Z#DEBUG#4b16c6bc-c0a0-11f1-ac53-eeee0a847b8e.OPERATION#flowable-async-job-executor-thread-8767#
[ProcessMtaExtensionDescriptorsStep] Executing task "processExtensionDescriptorsTask" of process "4b16c6e2-c0a0-11f1-ac53-eeee0a847b8e"...#
#2026 10 05 09:36:52.333#Z#DEBUG#4b16c6bc-c0a0-11f1-ac53-eeee0a847b8e.OPERATION#flowable-async-job-executor-thread-8767#
[ProcessMtaExtensionDescriptorsStep] Processing MTA extension descriptors...#
#2026 10 05 09:36:52.335#Z#DEBUG#4b16c6bc-c0a0-11f1-ac53-eeee0a847b8e.OPERATION#flowable-async-job-executor-thread-8767#
[ProcessMtaExtensionDescriptorsStep] Provided extension descriptors: [ ]#
#2026 10 05 09:36:52.335#Z#DEBUG#4b16c6bc-c0a0-11f1-ac53-eeee0a847b8e.OPERATION#flowable-async-job-executor-thread-8767#
[ProcessMtaExtensionDescriptorsStep] No extension descriptors in use#
#2026 10 05 09:36:52.335#Z#DEBUG#4b16c6bc-c0a0-11f1-ac53-eeee0a847b8e.OPERATION#flowable-async-job-executor-thread-8767#
[ProcessMtaExtensionDescriptorsStep] MTA extension descriptors processed#
#2026 10 05 09:36:52.335#Z#DEBUG#4b16c6bc-c0a0-11f1-ac53-eeee0a847b8e.OPERATION#flowable-async-job-executor-thread-8767#
Step "Process Extension Descriptors" finished#
#2026 10 05 09:36:52.386#Z#DEBUG#4b16c6bc-c0a0-11f1-ac53-eeee0a847b8e.OPERATION#flowable-async-job-executor-thread-8768#
[XS2DetectMtaSchemaVersionStep] Executing task "detectSchemaVersionTask" of process "4b16c6e2-c0a0-11f1-ac53-eeee0a847b8e"...#
#2026 10 05 09:36:52.388#Z#DEBUG#4b16c6bc-c0a0-11f1-ac53-eeee0a847b8e.OPERATION#flowable-async-job-executor-thread-8768#
[XS2DetectMtaSchemaVersionStep] Detecting MTA major schema version...#
#2026 10 05 09:36:52.392#Z#INFO#4b16c6bc-c0a0-11f1-ac53-eeee0a847b8e.OPERATION#flowable-async-job-executor-thread-8768#
[XS2DetectMtaSchemaVersionStep] Detected MTA schema version: "3"#
#2026 10 05 09:36:52.397#Z#DEBUG#4b16c6bc-c0a0-11f1-ac53-eeee0a847b8e.OPERATION#flowable-async-job-executor-thread-8768#
Step "Detect Schema Version" finished#
#2026 10 05 09:36:52.449#Z#DEBUG#4b16c6bc-c0a0-11f1-ac53-eeee0a847b8e.OPERATION#flowable-async-job-executor-thread-8769#
[MergeDescriptorsStep] Executing task "mergeDescriptorsTask" of process "4b16c6e2-c0a0-11f1-ac53-eeee0a847b8e"...#
#2026 10 05 09:36:52.450#Z#DEBUG#4b16c6bc-c0a0-11f1-ac53-eeee0a847b8e.OPERATION#flowable-async-job-executor-thread-8769#
[MergeDescriptorsStep] Validating and merging descriptors...#
#2026 10 05 09:36:52.456#Z#DEBUG#4b16c6bc-c0a0-11f1-ac53-eeee0a847b8e.OPERATION#flowable-async-job-executor-thread-8769#
[MergeDescriptorsStep] Merged deployment descriptor: {
  "majorSchemaVersion" : 3,
  "schemaVersion" : "3.3.0",
  "id" : "hmcl_Form22",
  "version" : "1.0.0",
  "modules" : [ {
    "majorSchemaVersion" : 3,
    "name" : "hmcl_Form22-srv",
    "type" : "javascript.nodejs",
    "path" : "hmcl_Form22-srv",
    "properties" : { },
    "parameters" : {
      "buildpack" : "nodejs_buildpack",
      "instances" : 1
    },
    "requiredDependencies" : [ {
      "majorSchemaVersion" : 3,
      "name" : "hmcl_Form22-db",
      "properties" : { },
      "parameters" : { },
      "propertiesMetadata" : {
        "metadata" : { }
      },
      "parametersMetadata" : {
        "metadata" : { }
      }
    }, {
      "majorSchemaVersion" : 3,
      "name" : "hmcl_Form22-destination-service",
      "properties" : { },
      "parameters" : { },
      "propertiesMetadata" : {
        "metadata" : { }
      },
      "parametersMetadata" : {
        "metadata" : { }
      }
    }, {
      "majorSchemaVersion" : 3,
      "name" : "uaa_hmcl_Form22",
      "properties" : { },
      "parameters" : { },
      "propertiesMetadata" : {
        "metadata" : { }
      },
      "parametersMetadata" : {
        "metadata" : { }
      }
    } ],
    "providedDependencies" : [ {
      "majorSchemaVersion" : 3,
      "name" : "srv-api",
      "isPublic" : false,
      "properties" : {
        "srv-url" : "${default-url}"
      },
      "parameters" : { },
      "propertiesMetadata" : {
        "metadata" : { }
      },
      "parametersMetadata" : {
        "metadata" : { }
      }
    }, {
      "majorSchemaVersion" : 3,
      "name" : "hmcl_Form22-srv",
      "isPublic" : false,
      "properties" : { },
      "parameters" : { },
      "propertiesMetadata" : {
        "metadata" : { }
      },
      "parametersMetadata" : {
        "metadata" : { }
      }
    } ],
    "propertiesMetadata" : {
      "metadata" : { }
    },
    "parametersMetadata" : {
      "metadata" : { }
    },
    "hooks" : [ ]
  }, {
    "majorSchemaVersion" : 3,
    "name" : "hmcl_Form22-db-deployer",
    "type" : "com.sap.xs.hdi",
    "path" : "hmcl_Form22-db-deployer",
    "properties" : {
      "EXIT" : 1
    },
    "parameters" : {
      "memory" : "256M",
      "buildpack" : "nodejs_buildpack",
      "no-route" : true,
      "dependency-type" : "hard",
      "tasks" : [ {
        "name" : "deploy",
        "memory" : "256M",
        "command" : "npm start"
      } ],
      "no-start" : true
    },
    "requiredDependencies" : [ {
      "majorSchemaVersion" : 3,
      "name" : "hmcl_Form22-db",
      "properties" : { },
      "parameters" : { },
      "propertiesMetadata" : {
        "metadata" : { }
      },
      "parametersMetadata" : {
        "metadata" : { }
      }
    } ],
    "providedDependencies" : [ {
      "majorSchemaVersion" : 3,
      "name" : "hmcl_Form22-db-deployer",
      "isPublic" : false,
      "properties" : { },
      "parameters" : { },
      "propertiesMetadata" : {
        "metadata" : { }
      },
      "parametersMetadata" : {
        "metadata" : { }
      }
    } ],
    "propertiesMetadata" : {
      "metadata" : { }
    },
    "parametersMetadata" : {
      "metadata" : { }
    },
    "hooks" : [ ]
  }, {
    "majorSchemaVersion" : 3,
    "name" : "hmcl_Form22-app-content",
    "type" : "com.sap.application.content",
    "path" : "hmcl_Form22-app-content",
    "properties" : { },
    "parameters" : { },
    "requiredDependencies" : [ {
      "majorSchemaVersion" : 3,
      "name" : "hmcl_Form22-repo-host",
      "properties" : { },
      "parameters" : {
        "content-target" : true
      },
      "propertiesMetadata" : {
        "metadata" : { }
      },
      "parametersMetadata" : {
        "metadata" : { }
      }
    } ],
    "providedDependencies" : [ {
      "majorSchemaVersion" : 3,
      "name" : "hmcl_Form22-app-content",
      "isPublic" : false,
      "properties" : { },
      "parameters" : { },
      "propertiesMetadata" : {
        "metadata" : { }
      },
      "parametersMetadata" : {
        "metadata" : { }
      }
    } ],
    "propertiesMetadata" : {
      "metadata" : { }
    },
    "parametersMetadata" : {
      "metadata" : { }
    },
    "hooks" : [ ]
  }, {
    "majorSchemaVersion" : 3,
    "name" : "hmcl_Form22-destination-content",
    "type" : "com.sap.application.content",
    "properties" : { },
    "parameters" : {
      "content" : {
        "instance" : {
          "destinations" : [ {
            "Authentication" : "********",
            "HTML5.DynamicDestination" : true,
            "HTML5.ForwardAuthToken" : "********",
            "Name" : "hmcl_Form22-srv-api",
            "ProxyType" : "Internet",
            "Type" : "HTTP",
            "URL" : "~{srv-api/srv-url}",
            "sap.cloud.service" : "HMCL_Form22"
          }, {
            "Name" : "HMCL_Form22_hmcl_Form22_repo_host",
            "ServiceInstanceName" : "hmcl_Form22-html5-service",
            "ServiceKeyName" : "********",
            "sap.cloud.service" : "HMCL_Form22"
          }, {
            "Authentication" : "********",
            "Name" : "HMCL_Form22_uaa_hmcl_Form22",
            "ProxyType" : "Internet",
            "ServiceInstanceName" : "hmcl_Form22-xsuaa-service",
            "ServiceKeyName" : "********",
            "Type" : "HTTP",
            "URL" : "********",
            "sap.cloud.service" : "HMCL_Form22"
          } ],
          "existing_destinations_policy" : "update"
        }
      }
    },
    "requiredDependencies" : [ {
      "majorSchemaVersion" : 3,
      "name" : "srv-api",
      "properties" : { },
      "parameters" : { },
      "propertiesMetadata" : {
        "metadata" : { }
      },
      "parametersMetadata" : {
        "metadata" : { }
      }
    }, {
      "majorSchemaVersion" : 3,
      "name" : "hmcl_Form22-destination-service",
      "properties" : { },
      "parameters" : {
        "content-target" : true
      },
      "propertiesMetadata" : {
        "metadata" : { }
      },
      "parametersMetadata" : {
        "metadata" : { }
      }
    }, {
      "majorSchemaVersion" : 3,
      "name" : "hmcl_Form22-repo-host",
      "properties" : { },
      "parameters" : {
        "service-key" : "********"
      },
      "propertiesMetadata" : {
        "metadata" : { }
      },
      "parametersMetadata" : {
        "metadata" : { }
      }
    }, {
      "majorSchemaVersion" : 3,
      "name" : "uaa_hmcl_Form22",
      "properties" : { },
      "parameters" : {
        "service-key" : "********"
      },
      "propertiesMetadata" : {
        "metadata" : { }
      },
      "parametersMetadata" : {
        "metadata" : { }
      }
    } ],
    "providedDependencies" : [ {
      "majorSchemaVersion" : 3,
      "name" : "hmcl_Form22-destination-content",
      "isPublic" : false,
      "properties" : { },
      "parameters" : { },
      "propertiesMetadata" : {
        "metadata" : { }
      },
      "parametersMetadata" : {
        "metadata" : { }
      }
    } ],
    "propertiesMetadata" : {
      "metadata" : { }
    },
    "parametersMetadata" : {
      "metadata" : { }
    },
    "hooks" : [ ]
  } ],
  "resources" : [ {
    "majorSchemaVersion" : 3,
    "name" : "hmcl_Form22-db",
    "type" : "com.sap.xs.hdi-container",
    "properties" : { },
    "parameters" : {
      "type" : "managed-service",
      "service" : "hana",
      "service-plan" : "hdi-shared"
    },
    "isActive" : true,
    "isOptional" : false,
    "propertiesMetadata" : {
      "metadata" : { }
    },
    "parametersMetadata" : {
      "metadata" : { }
    },
    "requiredDependencies" : [ ],
    "processedAfter" : [ ]
  }, {
    "majorSchemaVersion" : 3,
    "name" : "hmcl_Form22-repo-host",
    "type" : "org.cloudfoundry.managed-service",
    "properties" : { },
    "parameters" : {
      "service-name" : "hmcl_Form22-html5-service",
      "service-plan" : "app-host",
      "type" : "managed-service",
      "service" : "html5-apps-repo"
    },
    "isActive" : true,
    "isOptional" : false,
    "propertiesMetadata" : {
      "metadata" : { }
    },
    "parametersMetadata" : {
      "metadata" : { }
    },
    "requiredDependencies" : [ ],
    "processedAfter" : [ ]
  }, {
    "majorSchemaVersion" : 3,
    "name" : "hmcl_Form22-destination-service",
    "type" : "org.cloudfoundry.managed-service",
    "properties" : { },
    "parameters" : {
      "service-name" : "hmcl_Form22-destination-service",
      "service-plan" : "lite",
      "type" : "managed-service",
      "config" : {
        "HTML5Runtime_enabled" : true,
        "init_data" : {
          "instance" : {
            "destinations" : [ {
              "Authentication" : "********",
              "Name" : "ui5",
              "ProxyType" : "Internet",
              "Type" : "HTTP",
              "URL" : "https://ui5.sap.com"
            } ],
            "existing_destinations_policy" : "update"
          }
        },
        "version" : "1.0.0"
      },
      "service" : "destination"
    },
    "isActive" : true,
    "isOptional" : false,
    "propertiesMetadata" : {
      "metadata" : { }
    },
    "parametersMetadata" : {
      "metadata" : { }
    },
    "requiredDependencies" : [ ],
    "processedAfter" : [ ]
  }, {
    "majorSchemaVersion" : 3,
    "name" : "uaa_hmcl_Form22",
    "type" : "org.cloudfoundry.managed-service",
    "properties" : { },
    "parameters" : {
      "path" : "./xs-security.json",
      "service-name" : "hmcl_Form22-xsuaa-service",
      "service-plan" : "application",
      "type" : "managed-service",
      "service" : "xsuaa"
    },
    "isActive" : true,
    "isOptional" : false,
    "propertiesMetadata" : {
      "metadata" : { }
    },
    "parametersMetadata" : {
      "metadata" : { }
    },
    "requiredDependencies" : [ ],
    "processedAfter" : [ ]
  } ],
  "parameters" : {
    "enable-parallel-deployments" : true,
    "deploy_mode" : "html5-repo"
  },
  "parametersMetadata" : {
    "metadata" : { }
  }
}#
#2026 10 05 09:36:52.461#Z#DEBUG#4b16c6bc-c0a0-11f1-ac53-eeee0a847b8e.OPERATION#flowable-async-job-executor-thread-8769#
[MergeDescriptorsStep] Descriptors validated and merged#
#2026 10 05 09:36:52.461#Z#DEBUG#4b16c6bc-c0a0-11f1-ac53-eeee0a847b8e.OPERATION#flowable-async-job-executor-thread-8769#
Step "Merge Descriptors" finished#
#2026 10 05 09:36:52.519#Z#DEBUG#4b16c6bc-c0a0-11f1-ac53-eeee0a847b8e.OPERATION#flowable-async-job-executor-thread-8770#
[CollectCloudLoggingServiceParametersStep] Executing task "sid-9C5714DF-CEC8-4019-8873-CBBA99AC459A" of process "4b16c6e2-c0a0-11f1-ac53-eeee0a847b8e"...#
#2026 10 05 09:36:52.525#Z#DEBUG#4b16c6bc-c0a0-11f1-ac53-eeee0a847b8e.OPERATION#flowable-async-job-executor-thread-8770#
Step "Collect Cloud Logging Service Parameters" finished#
#2026 10 05 09:36:52.572#Z#DEBUG#4b16c6bc-c0a0-11f1-ac53-eeee0a847b8e.OPERATION#flowable-async-job-executor-thread-8771#
[DetectDeployedMtaStep] Executing task "detectDeployedMtaTask" of process "4b16c6e2-c0a0-11f1-ac53-eeee0a847b8e"...#
#2026 10 05 09:36:52.574#Z#DEBUG#4b16c6bc-c0a0-11f1-ac53-eeee0a847b8e.OPERATION#flowable-async-job-executor-thread-8771#
[DetectDeployedMtaStep] Detecting deployed MTA...#
#2026 10 05 09:36:52.687#Z#DEBUG#4b16c6bc-c0a0-11f1-ac53-eeee0a847b8e.OPERATION#flowable-async-job-executor-thread-8771#
[DetectDeployedMtaStep] Detecting MTA by id hmcl_Form22 and namespace null#
#2026 10 05 09:36:52.687#Z#DEBUG#4b16c6bc-c0a0-11f1-ac53-eeee0a847b8e.OPERATION#flowable-async-job-executor-thread-8771#
[DetectDeployedMtaStep] Getting applications by metadata label selector "mta_id=1822995b3a25e9531d0294596554b6ed,!mta_namespace"...#
#2026 10 05 09:36:52.732#Z#DEBUG#4b16c6bc-c0a0-11f1-ac53-eeee0a847b8e.OPERATION#flowable-async-job-executor-thread-8771#
[DetectDeployedMtaStep] Getting service instances by metadata label selector "mta_id=1822995b3a25e9531d0294596554b6ed,!mta_namespace"...#
#2026 10 05 09:36:52.775#Z#INFO#4b16c6bc-c0a0-11f1-ac53-eeee0a847b8e.OPERATION#flowable-async-job-executor-thread-8771#
[DetectDeployedMtaStep] No deployed MTA detected - this is initial deployment of MTA with ID "hmcl_Form22"#
#2026 10 05 09:36:52.781#Z#DEBUG#4b16c6bc-c0a0-11f1-ac53-eeee0a847b8e.OPERATION#flowable-async-job-executor-thread-8771#
[DetectDeployedMtaStep] Detecting backup mta by id "hmcl_Form22" and namespace "null"#
#2026 10 05 09:36:52.781#Z#DEBUG#4b16c6bc-c0a0-11f1-ac53-eeee0a847b8e.OPERATION#flowable-async-job-executor-thread-8771#
[DetectDeployedMtaStep] Getting applications by metadata label selector "mta_id=1822995b3a25e9531d0294596554b6ed,mta_namespace=b698114a0995e936895b9598a6c19a2c"...#
#2026 10 05 09:36:52.811#Z#DEBUG#4b16c6bc-c0a0-11f1-ac53-eeee0a847b8e.OPERATION#flowable-async-job-executor-thread-8771#
[DetectDeployedMtaStep] Getting service instances by metadata label selector "mta_id=1822995b3a25e9531d0294596554b6ed,mta_namespace=b698114a0995e936895b9598a6c19a2c"...#
#2026 10 05 09:36:52.850#Z#DEBUG#4b16c6bc-c0a0-11f1-ac53-eeee0a847b8e.OPERATION#flowable-async-job-executor-thread-8771#
[DetectDeployedMtaStep] Deployed MTA service keys: [ ]#
#2026 10 05 09:36:52.850#Z#DEBUG#4b16c6bc-c0a0-11f1-ac53-eeee0a847b8e.OPERATION#flowable-async-job-executor-thread-8771#
Step "Detect Deployed MTA" finished#
#2026 10 05 09:36:52.902#Z#DEBUG#4b16c6bc-c0a0-11f1-ac53-eeee0a847b8e.OPERATION#flowable-async-job-executor-thread-8771#
[XS2CollectSystemParametersStep] Executing task "collectSystemParametersTask" of process "4b16c6e2-c0a0-11f1-ac53-eeee0a847b8e"...#
#2026 10 05 09:36:52.904#Z#DEBUG#4b16c6bc-c0a0-11f1-ac53-eeee0a847b8e.OPERATION#flowable-async-job-executor-thread-8771#
[XS2CollectSystemParametersStep] Collecting system parameters...#
#2026 10 05 09:36:52.905#Z#DEBUG#4b16c6bc-c0a0-11f1-ac53-eeee0a847b8e.OPERATION#flowable-async-job-executor-thread-8771#
[XS2CollectSystemParametersStep] Getting default domain...#
#2026 10 05 09:36:52.939#Z#DEBUG#4b16c6bc-c0a0-11f1-ac53-eeee0a847b8e.OPERATION#flowable-async-job-executor-thread-8771#
[XS2CollectSystemParametersStep] Default domain: cfapps.in30.hana.ondemand.com#
#2026 10 05 09:36:52.941#Z#DEBUG#4b16c6bc-c0a0-11f1-ac53-eeee0a847b8e.OPERATION#flowable-async-job-executor-thread-8771#
[XS2CollectSystemParametersStep] Checking for overwriting read-only parameters for mta with id: "hmcl_Form22"#
#2026 10 05 09:36:52.942#Z#DEBUG#4b16c6bc-c0a0-11f1-ac53-eeee0a847b8e.OPERATION#flowable-async-job-executor-thread-8771#
[XS2CollectSystemParametersStep] No read-only parameters are overwritten#
#2026 10 05 09:36:52.958#Z#DEBUG#4b16c6bc-c0a0-11f1-ac53-eeee0a847b8e.OPERATION#flowable-async-job-executor-thread-8771#
[XS2CollectSystemParametersStep] Descriptor with system parameters: {
  "majorSchemaVersion" : 3,
  "schemaVersion" : "3.3.0",
  "id" : "hmcl_Form22",
  "version" : "1.0.0",
  "modules" : [ {
    "majorSchemaVersion" : 3,
    "name" : "hmcl_Form22-srv",
    "type" : "javascript.nodejs",
    "path" : "hmcl_Form22-srv",
    "properties" : { },
    "parameters" : {
      "default-url" : "${protocol}://${default-uri}",
      "default-app-name" : "hmcl_Form22-srv",
      "generated-password" : "********",
      "default-live-url" : "${protocol}://${default-live-uri}",
      "default-uri" : "${host}.${domain}",
      "default-instances" : 1,
      "default-live-host" : "heromotocorp-buildapps-np-org-buildapps-np-space-hmcl-f715b325d",
      "instances" : 1,
      "buildpack" : "nodejs_buildpack",
      "default-host" : "heromotocorp-buildapps-np-org-buildapps-np-space-hmcl-f715b325d",
      "app-name" : "${default-app-name}",
      "default-live-uri" : "heromotocorp-buildapps-np-org-buildapps-np-space-hmcl-f715b325d.${domain}",
      "protocol" : "https",
      "default-live-app-name" : "hmcl_Form22-srv",
      "default-live-domain" : "cfapps.in30.hana.ondemand.com",
      "domain" : "${default-domain}",
      "host" : "${default-host}",
      "generated-user" : "********"
    },
    "requiredDependencies" : [ {
      "majorSchemaVersion" : 3,
      "name" : "hmcl_Form22-db",
      "properties" : { },
      "parameters" : { },
      "propertiesMetadata" : {
        "metadata" : { }
      },
      "parametersMetadata" : {
        "metadata" : { }
      }
    }, {
      "majorSchemaVersion" : 3,
      "name" : "hmcl_Form22-destination-service",
      "properties" : { },
      "parameters" : { },
      "propertiesMetadata" : {
        "metadata" : { }
      },
      "parametersMetadata" : {
        "metadata" : { }
      }
    }, {
      "majorSchemaVersion" : 3,
      "name" : "uaa_hmcl_Form22",
      "properties" : { },
      "parameters" : { },
      "propertiesMetadata" : {
        "metadata" : { }
      },
      "parametersMetadata" : {
        "metadata" : { }
      }
    } ],
    "providedDependencies" : [ {
      "majorSchemaVersion" : 3,
      "name" : "srv-api",
      "isPublic" : false,
      "properties" : {
        "srv-url" : "${default-url}"
      },
      "parameters" : { },
      "propertiesMetadata" : {
        "metadata" : { }
      },
      "parametersMetadata" : {
        "metadata" : { }
      }
    }, {
      "majorSchemaVersion" : 3,
      "name" : "hmcl_Form22-srv",
      "isPublic" : false,
      "properties" : { },
      "parameters" : { },
      "propertiesMetadata" : {
        "metadata" : { }
      },
      "parametersMetadata" : {
        "metadata" : { }
      }
    } ],
    "propertiesMetadata" : {
      "metadata" : { }
    },
    "parametersMetadata" : {
      "metadata" : { }
    },
    "hooks" : [ ]
  }, {
    "majorSchemaVersion" : 3,
    "name" : "hmcl_Form22-db-deployer",
    "type" : "com.sap.xs.hdi",
    "path" : "hmcl_Form22-db-deployer",
    "properties" : {
      "EXIT" : 1
    },
    "parameters" : {
      "default-url" : "${protocol}://${default-uri}",
      "default-app-name" : "hmcl_Form22-db-deployer",
      "generated-password" : "********",
      "default-live-url" : "${protocol}://${default-live-uri}",
      "default-uri" : "${host}.${domain}",
      "memory" : "256M",
      "default-instances" : 1,
      "no-route" : true,
      "default-live-host" : "heromotocorp-buildapps-np-org-buildapps-np-space-hmcl-f2e56d811",
      "instances" : "${default-instances}",
      "buildpack" : "nodejs_buildpack",
      "default-host" : "heromotocorp-buildapps-np-org-buildapps-np-space-hmcl-f2e56d811",
      "app-name" : "${default-app-name}",
      "default-live-uri" : "heromotocorp-buildapps-np-org-buildapps-np-space-hmcl-f2e56d811.${domain}",
      "protocol" : "https",
      "default-live-app-name" : "hmcl_Form22-db-deployer",
      "default-live-domain" : "cfapps.in30.hana.ondemand.com",
      "dependency-type" : "hard",
      "domain" : "${default-domain}",
      "host" : "${default-host}",
      "generated-user" : "********",
      "tasks" : [ {
        "name" : "deploy",
        "memory" : "256M",
        "command" : "npm start"
      } ],
      "no-start" : true
    },
    "requiredDependencies" : [ {
      "majorSchemaVersion" : 3,
      "name" : "hmcl_Form22-db",
      "properties" : { },
      "parameters" : { },
      "propertiesMetadata" : {
        "metadata" : { }
      },
      "parametersMetadata" : {
        "metadata" : { }
      }
    } ],
    "providedDependencies" : [ {
      "majorSchemaVersion" : 3,
      "name" : "hmcl_Form22-db-deployer",
      "isPublic" : false,
      "properties" : { },
      "parameters" : { },
      "propertiesMetadata" : {
        "metadata" : { }
      },
      "parametersMetadata" : {
        "metadata" : { }
      }
    } ],
    "propertiesMetadata" : {
      "metadata" : { }
    },
    "parametersMetadata" : {
      "metadata" : { }
    },
    "hooks" : [ ]
  }, {
    "majorSchemaVersion" : 3,
    "name" : "hmcl_Form22-app-content",
    "type" : "com.sap.application.content",
    "path" : "hmcl_Form22-app-content",
    "properties" : { },
    "parameters" : {
      "default-url" : "${protocol}://${default-uri}",
      "default-app-name" : "hmcl_Form22-app-content",
      "generated-password" : "********",
      "default-live-url" : "${protocol}://${default-live-uri}",
      "default-uri" : "${host}.${domain}",
      "default-instances" : 1,
      "default-live-host" : "heromotocorp-buildapps-np-org-buildapps-np-space-hmcl-f7fdb7b87",
      "instances" : "${default-instances}",
      "default-host" : "heromotocorp-buildapps-np-org-buildapps-np-space-hmcl-f7fdb7b87",
      "app-name" : "${default-app-name}",
      "default-live-uri" : "heromotocorp-buildapps-np-org-buildapps-np-space-hmcl-f7fdb7b87.${domain}",
      "protocol" : "https",
      "default-live-app-name" : "hmcl_Form22-app-content",
      "default-live-domain" : "cfapps.in30.hana.ondemand.com",
      "domain" : "${default-domain}",
      "host" : "${default-host}",
      "generated-user" : "********"
    },
    "requiredDependencies" : [ {
      "majorSchemaVersion" : 3,
      "name" : "hmcl_Form22-repo-host",
      "properties" : { },
      "parameters" : {
        "content-target" : true
      },
      "propertiesMetadata" : {
        "metadata" : { }
      },
      "parametersMetadata" : {
        "metadata" : { }
      }
    } ],
    "providedDependencies" : [ {
      "majorSchemaVersion" : 3,
      "name" : "hmcl_Form22-app-content",
      "isPublic" : false,
      "properties" : { },
      "parameters" : { },
      "propertiesMetadata" : {
        "metadata" : { }
      },
      "parametersMetadata" : {
        "metadata" : { }
      }
    } ],
    "propertiesMetadata" : {
      "metadata" : { }
    },
    "parametersMetadata" : {
      "metadata" : { }
    },
    "hooks" : [ ]
  }, {
    "majorSchemaVersion" : 3,
    "name" : "hmcl_Form22-destination-content",
    "type" : "com.sap.application.content",
    "properties" : { },
    "parameters" : {
      "default-url" : "${protocol}://${default-uri}",
      "default-app-name" : "hmcl_Form22-destination-content",
      "generated-password" : "********",
      "default-live-url" : "${protocol}://${default-live-uri}",
      "default-uri" : "${host}.${domain}",
      "default-instances" : 1,
      "default-live-host" : "heromotocorp-buildapps-np-org-buildapps-np-space-hmcl-f5812a566",
      "instances" : "${default-instances}",
      "default-host" : "heromotocorp-buildapps-np-org-buildapps-np-space-hmcl-f5812a566",
      "content" : {
        "instance" : {
          "destinations" : [ {
            "Authentication" : "********",
            "HTML5.DynamicDestination" : true,
            "HTML5.ForwardAuthToken" : "********",
            "Name" : "hmcl_Form22-srv-api",
            "ProxyType" : "Internet",
            "Type" : "HTTP",
            "URL" : "~{srv-api/srv-url}",
            "sap.cloud.service" : "HMCL_Form22"
          }, {
            "Name" : "HMCL_Form22_hmcl_Form22_repo_host",
            "ServiceInstanceName" : "hmcl_Form22-html5-service",
            "ServiceKeyName" : "********",
            "sap.cloud.service" : "HMCL_Form22"
          }, {
            "Authentication" : "********",
            "Name" : "HMCL_Form22_uaa_hmcl_Form22",
            "ProxyType" : "Internet",
            "ServiceInstanceName" : "hmcl_Form22-xsuaa-service",
            "ServiceKeyName" : "********",
            "Type" : "HTTP",
            "URL" : "********",
            "sap.cloud.service" : "HMCL_Form22"
          } ],
          "existing_destinations_policy" : "update"
        }
      },
      "app-name" : "${default-app-name}",
      "default-live-uri" : "heromotocorp-buildapps-np-org-buildapps-np-space-hmcl-f5812a566.${domain}",
      "protocol" : "https",
      "default-live-app-name" : "hmcl_Form22-destination-content",
      "default-live-domain" : "cfapps.in30.hana.ondemand.com",
      "domain" : "${default-domain}",
      "host" : "${default-host}",
      "generated-user" : "********"
    },
    "requiredDependencies" : [ {
      "majorSchemaVersion" : 3,
      "name" : "srv-api",
      "properties" : { },
      "parameters" : { },
      "propertiesMetadata" : {
        "metadata" : { }
      },
      "parametersMetadata" : {
        "metadata" : { }
      }
    }, {
      "majorSchemaVersion" : 3,
      "name" : "hmcl_Form22-destination-service",
      "properties" : { },
      "parameters" : {
        "content-target" : true
      },
      "propertiesMetadata" : {
        "metadata" : { }
      },
      "parametersMetadata" : {
        "metadata" : { }
      }
    }, {
      "majorSchemaVersion" : 3,
      "name" : "hmcl_Form22-repo-host",
      "properties" : { },
      "parameters" : {
        "service-key" : "********"
      },
      "propertiesMetadata" : {
        "metadata" : { }
      },
      "parametersMetadata" : {
        "metadata" : { }
      }
    }, {
      "majorSchemaVersion" : 3,
      "name" : "uaa_hmcl_Form22",
      "properties" : { },
      "parameters" : {
        "service-key" : "********"
      },
      "propertiesMetadata" : {
        "metadata" : { }
      },
      "parametersMetadata" : {
        "metadata" : { }
      }
    } ],
    "providedDependencies" : [ {
      "majorSchemaVersion" : 3,
      "name" : "hmcl_Form22-destination-content",
      "isPublic" : false,
      "properties" : { },
      "parameters" : { },
      "propertiesMetadata" : {
        "metadata" : { }
      },
      "parametersMetadata" : {
        "metadata" : { }
      }
    } ],
    "propertiesMetadata" : {
      "metadata" : { }
    },
    "parametersMetadata" : {
      "metadata" : { }
    },
    "hooks" : [ ]
  } ],
  "resources" : [ {
    "majorSchemaVersion" : 3,
    "name" : "hmcl_Form22-db",
    "type" : "com.sap.xs.hdi-container",
    "properties" : { },
    "parameters" : {
      "generated-password" : "********",
      "service-name" : "${default-service-name}",
      "service-plan" : "hdi-shared",
      "service" : "hana",
      "generated-user" : "********",
      "default-xsappname" : "hmcl_Form22-db",
      "type" : "managed-service",
      "default-service-name" : "hmcl_Form22-db",
      "default-container-name" : "HEROMOTOCORP_BUILDAPPS_NP_ORG_BUILDAPPS_NP_SPACE_HMCL_FORM22_DB"
    },
    "isActive" : true,
    "isOptional" : false,
    "propertiesMetadata" : {
      "metadata" : { }
    },
    "parametersMetadata" : {
      "metadata" : { }
    },
    "requiredDependencies" : [ ],
    "processedAfter" : [ ]
  }, {
    "majorSchemaVersion" : 3,
    "name" : "hmcl_Form22-repo-host",
    "type" : "org.cloudfoundry.managed-service",
    "properties" : { },
    "parameters" : {
      "generated-password" : "********",
      "service-name" : "hmcl_Form22-html5-service",
      "service-plan" : "app-host",
      "service" : "html5-apps-repo",
      "generated-user" : "********",
      "default-xsappname" : "hmcl_Form22-repo-host",
      "type" : "managed-service",
      "default-service-name" : "hmcl_Form22-repo-host",
      "default-container-name" : "HEROMOTOCORP_BUILDAPPS_NP_ORG_BUILDAPPS_NP_SPACE_HMCL_FO34355971"
    },
    "isActive" : true,
    "isOptional" : false,
    "propertiesMetadata" : {
      "metadata" : { }
    },
    "parametersMetadata" : {
      "metadata" : { }
    },
    "requiredDependencies" : [ ],
    "processedAfter" : [ ]
  }, {
    "majorSchemaVersion" : 3,
    "name" : "hmcl_Form22-destination-service",
    "type" : "org.cloudfoundry.managed-service",
    "properties" : { },
    "parameters" : {
      "generated-password" : "********",
      "service-name" : "hmcl_Form22-destination-service",
      "service-plan" : "lite",
      "service" : "destination",
      "generated-user" : "********",
      "default-xsappname" : "hmcl_Form22-destination-service",
      "type" : "managed-service",
      "config" : {
        "HTML5Runtime_enabled" : true,
        "init_data" : {
          "instance" : {
            "destinations" : [ {
              "Authentication" : "********",
              "Name" : "ui5",
              "ProxyType" : "Internet",
              "Type" : "HTTP",
              "URL" : "https://ui5.sap.com"
            } ],
            "existing_destinations_policy" : "update"
          }
        },
        "version" : "1.0.0"
      },
      "default-service-name" : "hmcl_Form22-destination-service",
      "default-container-name" : "HEROMOTOCORP_BUILDAPPS_NP_ORG_BUILDAPPS_NP_SPACE_HMCL_FO70598102"
    },
    "isActive" : true,
    "isOptional" : false,
    "propertiesMetadata" : {
      "metadata" : { }
    },
    "parametersMetadata" : {
      "metadata" : { }
    },
    "requiredDependencies" : [ ],
    "processedAfter" : [ ]
  }, {
    "majorSchemaVersion" : 3,
    "name" : "uaa_hmcl_Form22",
    "type" : "org.cloudfoundry.managed-service",
    "properties" : { },
    "parameters" : {
      "generated-password" : "********",
      "path" : "./xs-security.json",
      "service-name" : "hmcl_Form22-xsuaa-service",
      "service-plan" : "application",
      "service" : "xsuaa",
      "generated-user" : "********",
      "default-xsappname" : "uaa_hmcl_Form22",
      "type" : "managed-service",
      "default-service-name" : "uaa_hmcl_Form22",
      "default-container-name" : "HEROMOTOCORP_BUILDAPPS_NP_ORG_BUILDAPPS_NP_SPACE_UAA_HMCL_FORM22"
    },
    "isActive" : true,
    "isOptional" : false,
    "propertiesMetadata" : {
      "metadata" : { }
    },
    "parametersMetadata" : {
      "metadata" : { }
    },
    "requiredDependencies" : [ ],
    "processedAfter" : [ ]
  } ],
  "parameters" : {
    "deploy_mode" : "html5-repo",
    "mta-id" : "hmcl_Form22",
    "authorization-url" : "********",
    "org-guid" : "408ec2c8-4779-47f8-a127-74c598e974d1",
    "org" : "heromotocorp-buildapps-np-org",
    "deploy-target" : "heromotocorp-buildapps-np-org buildapps-np-space",
    "enable-parallel-deployments" : true,
    "space" : "buildapps-np-space",
    "xs-api-url" : "https://api.cf.in30.hana.ondemand.com",
    "deploy-url" : "deploy-service.cfapps.in30.hana.ondemand.com",
    "xs-type" : "CF",
    "default-domain" : "cfapps.in30.hana.ondemand.com",
    "mta-version" : "1.0.0",
    "xs-auth-url" : "********",
    "space-guid" : "7f960507-fa5f-4ac8-af5d-e9216f2850b5",
    "user" : "********",
    "controller-url" : "https://api.cf.in30.hana.ondemand.com",
    "timestamp" : "20261005093651"
  },
  "parametersMetadata" : {
    "metadata" : { }
  }
}#
#2026 10 05 09:36:52.958#Z#DEBUG#4b16c6bc-c0a0-11f1-ac53-eeee0a847b8e.OPERATION#flowable-async-job-executor-thread-8771#
[XS2CollectSystemParametersStep] Version rule: SAME_HIGHER#
#2026 10 05 09:36:52.958#Z#INFO#4b16c6bc-c0a0-11f1-ac53-eeee0a847b8e.OPERATION#flowable-async-job-executor-thread-8771#
[XS2CollectSystemParametersStep] Detected new MTA version: "1.0.0"#
#2026 10 05 09:36:52.968#Z#DEBUG#4b16c6bc-c0a0-11f1-ac53-eeee0a847b8e.OPERATION#flowable-async-job-executor-thread-8771#
[XS2CollectSystemParametersStep] MTA accepted for deployment#
#2026 10 05 09:36:52.968#Z#DEBUG#4b16c6bc-c0a0-11f1-ac53-eeee0a847b8e.OPERATION#flowable-async-job-executor-thread-8771#
[XS2CollectSystemParametersStep] System parameters collected#
#2026 10 05 09:36:52.969#Z#DEBUG#4b16c6bc-c0a0-11f1-ac53-eeee0a847b8e.OPERATION#flowable-async-job-executor-thread-8771#
Step "Collect System Parameters" finished#
#2026 10 05 09:36:53.056#Z#DEBUG#4b16c6bc-c0a0-11f1-ac53-eeee0a847b8e.OPERATION#flowable-async-job-executor-thread-8765#
[ProcessDescriptorStep] Executing task "processDescriptorTask" of process "4b16c6e2-c0a0-11f1-ac53-eeee0a847b8e"...#
#2026 10 05 09:36:53.058#Z#DEBUG#4b16c6bc-c0a0-11f1-ac53-eeee0a847b8e.OPERATION#flowable-async-job-executor-thread-8765#
[ProcessDescriptorStep] Resolving properties and parameters in merged descriptor...#
#2026 10 05 09:36:53.069#Z#ERROR#4b16c6bc-c0a0-11f1-ac53-eeee0a847b8e.OPERATION#flowable-async-job-executor-thread-8765#
Exception caught#
org.cloudfoundry.multiapps.common.ContentException: Error resolving merged descriptor properties and parameters: Unable to resolve "hmcl_Form22-destination-content##uaa_hmcl_Form22#oauth2/token" 
	at org.cloudfoundry.multiapps.controller.process.steps.SyncFlowableStep.processException(SyncFlowableStep.java:159)
	at org.cloudfoundry.multiapps.controller.process.steps.SyncFlowableStep.onStepError(SyncFlowableStep.java:154)
	at org.cloudfoundry.multiapps.controller.process.steps.SyncFlowableStep.handleException(SyncFlowableStep.java:130)
	at org.cloudfoundry.multiapps.controller.process.steps.SyncFlowableStep.executeInternal(SyncFlowableStep.java:91)
	at org.cloudfoundry.multiapps.controller.process.steps.SyncFlowableStep.lambda$execute$0(SyncFlowableStep.java:75)
	at org.cloudfoundry.multiapps.controller.core.util.LoggingUtil.logWithCorrelationId(LoggingUtil.java:14)
	at org.cloudfoundry.multiapps.controller.process.steps.SyncFlowableStep.execute(SyncFlowableStep.java:75)
	at org.flowable.engine.impl.delegate.invocation.JavaDelegateInvocation.invoke(JavaDelegateInvocation.java:35)
	at org.flowable.engine.impl.delegate.invocation.DelegateInvocation.proceed(DelegateInvocation.java:32)
	at org.flowable.engine.impl.delegate.invocation.DefaultDelegateInterceptor.handleInvocation(DefaultDelegateInterceptor.java:26)
	at org.flowable.engine.impl.bpmn.behavior.ServiceTaskDelegateExpressionActivityBehavior.execute(ServiceTaskDelegateExpressionActivityBehavior.java:177)
	at org.flowable.engine.impl.agenda.ContinueProcessOperation.executeActivityBehavior(ContinueProcessOperation.java:298)
	at org.flowable.engine.impl.agenda.ContinueProcessOperation.executeSynchronous(ContinueProcessOperation.java:175)
	at org.flowable.engine.impl.agenda.ContinueProcessOperation.continueThroughFlowNode(ContinueProcessOperation.java:125)
	at org.flowable.engine.impl.agenda.ContinueProcessOperation.run(ContinueProcessOperation.java:88)
	at org.flowable.common.engine.impl.AbstractEngineConfiguration.lambda$new$0(AbstractEngineConfiguration.java:198)
	at org.flowable.engine.impl.interceptor.CommandInvoker.executeOperation(CommandInvoker.java:189)
	at org.flowable.engine.impl.interceptor.CommandInvoker.executeOperations(CommandInvoker.java:128)
	at org.flowable.engine.impl.interceptor.CommandInvoker.execute(CommandInvoker.java:80)
	at org.flowable.engine.impl.interceptor.BpmnOverrideContextInterceptor.execute(BpmnOverrideContextInterceptor.java:26)
	at org.flowable.common.engine.impl.interceptor.TransactionContextInterceptor.execute(TransactionContextInterceptor.java:53)
	at org.flowable.common.engine.impl.interceptor.CommandContextInterceptor.execute(CommandContextInterceptor.java:105)
	at org.flowable.common.spring.SpringTransactionInterceptor.lambda$execute$0(SpringTransactionInterceptor.java:57)
	at org.springframework.transaction.support.TransactionTemplate.execute(TransactionTemplate.java:140)
	at org.flowable.common.spring.SpringTransactionInterceptor.execute(SpringTransactionInterceptor.java:57)
	at org.flowable.common.engine.impl.interceptor.LogInterceptor.execute(LogInterceptor.java:30)
	at org.flowable.common.engine.impl.cfg.CommandExecutorImpl.execute(CommandExecutorImpl.java:56)
	at org.flowable.common.engine.impl.cfg.CommandExecutorImpl.execute(CommandExecutorImpl.java:51)
	at org.flowable.job.service.impl.asyncexecutor.ExecuteAsyncRunnable.handleTransactionalJob(ExecuteAsyncRunnable.java:177)
	at org.flowable.job.service.impl.asyncexecutor.ExecuteAsyncRunnable.executeJob(ExecuteAsyncRunnable.java:146)
	at org.flowable.job.service.impl.asyncexecutor.ExecuteAsyncRunnable.runInternally(ExecuteAsyncRunnable.java:122)
	at org.flowable.job.service.impl.asyncexecutor.ExecuteAsyncRunnable.run(ExecuteAsyncRunnable.java:96)
	at java.base/java.util.concurrent.ThreadPoolExecutor.runWorker(ThreadPoolExecutor.java:1090)
	at java.base/java.util.concurrent.ThreadPoolExecutor$Worker.run(ThreadPoolExecutor.java:614)
	at java.base/java.lang.Thread.run(Thread.java:1474)
Caused by: org.cloudfoundry.multiapps.common.ContentException: Unable to resolve "hmcl_Form22-destination-content##uaa_hmcl_Form22#oauth2/token"
	at org.cloudfoundry.multiapps.mta.resolvers.PropertiesResolver.getObjectForLateResolveIfPresent(PropertiesResolver.java:156)
	at org.cloudfoundry.multiapps.mta.resolvers.PropertiesResolver.resolveReference(PropertiesResolver.java:131)
	at org.cloudfoundry.multiapps.mta.resolvers.PropertiesResolver.resolveReferenceInContext(PropertiesResolver.java:116)
	at org.cloudfoundry.multiapps.controller.core.resolvers.v2.PartialPropertiesResolver.resolveReferenceInContext(PartialPropertiesResolver.java:28)
	at org.cloudfoundry.multiapps.mta.resolvers.PropertiesResolver.resolveReferences(PropertiesResolver.java:78)
	at org.cloudfoundry.multiapps.mta.resolvers.PropertiesResolver.visit(PropertiesResolver.java:72)
	at org.cloudfoundry.multiapps.mta.helpers.VisitableObject.acceptInternal(VisitableObject.java:57)
	at org.cloudfoundry.multiapps.mta.helpers.VisitableObject.accept(VisitableObject.java:34)
	at org.cloudfoundry.multiapps.mta.helpers.VisitableObject.acceptInternal(VisitableObject.java:42)
	at org.cloudfoundry.multiapps.mta.helpers.VisitableObject.accept(VisitableObject.java:32)
	at org.cloudfoundry.multiapps.mta.helpers.VisitableObject.acceptInternal(VisitableObject.java:51)
	at org.cloudfoundry.multiapps.mta.helpers.VisitableObject.accept(VisitableObject.java:30)
	at org.cloudfoundry.multiapps.mta.helpers.VisitableObject.acceptInternal(VisitableObject.java:42)
	at org.cloudfoundry.multiapps.mta.helpers.VisitableObject.accept(VisitableObject.java:32)
	at org.cloudfoundry.multiapps.mta.helpers.VisitableObject.acceptInternal(VisitableObject.java:42)
	at org.cloudfoundry.multiapps.mta.helpers.VisitableObject.accept(VisitableObject.java:32)
	at org.cloudfoundry.multiapps.mta.helpers.VisitableObject.acceptInternal(VisitableObject.java:42)
	at org.cloudfoundry.multiapps.mta.helpers.VisitableObject.accept(VisitableObject.java:32)
	at org.cloudfoundry.multiapps.mta.helpers.VisitableObject.accept(VisitableObject.java:24)
	at org.cloudfoundry.multiapps.mta.resolvers.PropertiesResolver.resolve(PropertiesResolver.java:60)
	at org.cloudfoundry.multiapps.mta.resolvers.PropertiesResolver.resolve(PropertiesResolver.java:56)
	at org.cloudfoundry.multiapps.controller.core.resolvers.v2.PartialModulePropertiesReferenceResolver.resolve(PartialModulePropertiesReferenceResolver.java:30)
	at org.cloudfoundry.multiapps.mta.resolvers.v2.ModulePropertiesReferenceResolver.resolve(ModulePropertiesReferenceResolver.java:30)
	at org.cloudfoundry.multiapps.mta.resolvers.v2.ModuleReferenceResolver.getResolvedParameters(ModuleReferenceResolver.java:48)
	at org.cloudfoundry.multiapps.mta.resolvers.v2.ModuleReferenceResolver.resolve(ModuleReferenceResolver.java:38)
	at org.cloudfoundry.multiapps.mta.resolvers.v3.ModuleReferenceResolver.resolve(ModuleReferenceResolver.java:28)
	at org.cloudfoundry.multiapps.mta.resolvers.v2.DescriptorReferenceResolver.lambda$getResolvedModules$0(DescriptorReferenceResolver.java:38)
	at java.base/java.util.stream.ReferencePipeline$3$1.accept(ReferencePipeline.java:214)
	at java.base/java.util.ArrayList$ArrayListSpliterator.forEachRemaining(ArrayList.java:1716)
	at java.base/java.util.stream.AbstractPipeline.copyInto(AbstractPipeline.java:570)
	at java.base/java.util.stream.AbstractPipeline.wrapAndCopyInto(AbstractPipeline.java:560)
	at java.base/java.util.stream.ReduceOps$ReduceOp.evaluateSequential(ReduceOps.java:921)
	at java.base/java.util.stream.AbstractPipeline.evaluate(AbstractPipeline.java:265)
	at java.base/java.util.stream.ReferencePipeline.collect(ReferencePipeline.java:723)
	at org.cloudfoundry.multiapps.mta.resolvers.v2.DescriptorReferenceResolver.getResolvedModules(DescriptorReferenceResolver.java:39)
	at org.cloudfoundry.multiapps.mta.resolvers.v2.DescriptorReferenceResolver.resolve(DescriptorReferenceResolver.java:31)
	at org.cloudfoundry.multiapps.mta.resolvers.v3.DescriptorReferenceResolver.resolve(DescriptorReferenceResolver.java:28)
	at org.cloudfoundry.multiapps.controller.core.helpers.v2.ConfigurationSubscriptionFactory.create(ConfigurationSubscriptionFactory.java:41)
	at org.cloudfoundry.multiapps.controller.core.helpers.MtaDescriptorPropertiesResolver.createSubscriptions(MtaDescriptorPropertiesResolver.java:170)
	at org.cloudfoundry.multiapps.controller.core.helpers.MtaDescriptorPropertiesResolver.resolve(MtaDescriptorPropertiesResolver.java:101)
	at org.cloudfoundry.multiapps.controller.process.steps.ProcessDescriptorStep.executeStep(ProcessDescriptorStep.java:52)
	at org.cloudfoundry.multiapps.controller.process.steps.SyncFlowableStep.executeInternal(SyncFlowableStep.java:85)
	... 31 more
#2026 10 05 09:36:53.084#Z#DEBUG#4b16c6bc-c0a0-11f1-ac53-eeee0a847b8e.OPERATION#flowable-async-job-executor-thread-8765#
Step "Process Descriptor Step" finished#
